[backblue.gif]
[fade.gif]
[index.html]
[www.lelabofragrances.com/css/images/faviconbe91.ico]
[www.lelabofragrances.com/vendor/jquery-3.5.1.minbe91.js]
[www.lelabofragrances.com/vendor/jquery.touchSwipe.minbe91.js]
[www.lelabofragrances.com/vendor/jquery.maskedinput.minbe91.js]
[www.lelabofragrances.com/vendor/formstone/corebe91.js]
[www.lelabofragrances.com/vendor/formstone/touchbe91.js]
[www.lelabofragrances.com/scripts/URI.minbe91.js]
[www.lelabofragrances.com/vendor/formstone/dropdownbe91.js]
[www.lelabofragrances.com/vendor/owl-carousel/owl.carousel.minbe91.js]
[www.lelabofragrances.com/vendor/selectize/selectizebe91.js]
[www.lelabofragrances.com/vendor/jquery-ui/jquery-ui.minbe91.js]
[www.lelabofragrances.com/vendor/slickbe91.js]
[www.lelabofragrances.com/scripts/apple-pay-cartbe91.js]
[www.lelabofragrances.com/js/functionsbe91.js]
[www.lelabofragrances.com/js/functions-newbe91.js]
[www.lelabofragrances.com/scripts/jquery-plugins/jquery-cookie-1.3.1be91.js]
[www.lelabofragrances.com/scripts/jquery-formbe91.js]
[www.lelabofragrances.com/scripts/ajaxbe91.js]
[www.lelabofragrances.com/scripts/cartbe91.js]
[www.lelabofragrances.com/scripts/cookie_helperbe91.js]
[www.lelabofragrances.com/scripts/instagram-feedbe91.js]
[www.lelabofragrances.com/js/acdc-regionbe91.js]
[www.lelabofragrances.com/js/acdc-cartbe91.js]
[www.lelabofragrances.com/js/acdc-cart-limit-qtybe91.js]
[www.lelabofragrances.com/js/acdc-subscriptionbe91.js]
[www.lelabofragrances.com/js/acdc-functionsbe91.js]
[www.lelabofragrances.com/js/acdc-searchbe91.js]
[www.lelabofragrances.com/home-creations.html]
[www.lelabofragrances.com/body--hair--face.html]
[www.lelabofragrances.com/discovery_1603849890183.html]
[www.lelabofragrances.com/le-journal.html]
[www.lelabofragrances.com/ambroxyde-17-1157.html]
[www.lelabofragrances.com/santal-26-33.html]
[www.lelabofragrances.com/th-noir-29-91.html]
[www.lelabofragrances.com/santal-33-147.html]
[www.lelabofragrances.com/shampoo-437.html]
[www.lelabofragrances.com/index.html]
[www.lelabofragrances.com/scripts/jquery-plugins/jquery.tmpl.minbe91.js]
[www.lelabofragrances.com/scripts/jquery-plugins/jquery-migrate-1.2.1.minbe91.js]
[www.lelabofragrances.com/scripts/jquery-plugins/jquery.ba-hashchange.minbe91.js]
[www.lelabofragrances.com/scripts/URI-1.12.1-minbe91.js]
[www.lelabofragrances.com/scripts/webtoolkit.base64be91.js]
[www.lelabofragrances.com/scripts/solrsearchbe91.js]
[www.lelabofragrances.com/search.html]
[www.lelabofragrances.com/scripts/preprocessbe91.js]
[www.lelabofragrances.com/register-diffuser/index.html]
[www.lelabofragrances.com/vendor/formstone/dropdownbe91.css]
[www.lelabofragrances.com/vendor/owl-carousel/assets/owl.video.play.png]
[www.lelabofragrances.com/vendor/owl-carousel/assets/owl.carousel.minbe91.css]
[www.lelabofragrances.com/vendor/owl-carousel/assets/owl.theme.default.minbe91.css]
[www.lelabofragrances.com/vendor/owl-carousel/assets/owl.theme.green.minbe91.css]
[www.lelabofragrances.com/vendor/selectize/selectizebe91.css]
[www.lelabofragrances.com/vendor/animatebe91.css]
[www.lelabofragrances.com/vendor/jquery-ui/images/ui-icons_444444_256x240.png]
[www.lelabofragrances.com/vendor/jquery-ui/images/ui-icons_555555_256x240.png]
[www.lelabofragrances.com/vendor/jquery-ui/images/ui-icons_ffffff_256x240.png]
[www.lelabofragrances.com/vendor/jquery-ui/images/ui-icons_777620_256x240.png]
[www.lelabofragrances.com/vendor/jquery-ui/images/ui-icons_cc0000_256x240.png]
[www.lelabofragrances.com/vendor/jquery-ui/images/ui-icons_777777_256x240.png]
[www.lelabofragrances.com/vendor/jquery-ui/jquery-ui.minbe91.css]
[www.lelabofragrances.com/vendor/slickbe91.css]
[www.lelabofragrances.com/css/images/sprite/ico-account.png]
[www.lelabofragrances.com/css/images/sprite/ico-arrow-down-white.png]
[www.lelabofragrances.com/css/images/sprite/ico-arrow-down.png]
[www.lelabofragrances.com/css/images/sprite/ico-arrow-left.png]
[www.lelabofragrances.com/css/images/sprite/ico-arrow-right.png]
[www.lelabofragrances.com/css/images/sprite/ico-bag.png]
[www.lelabofragrances.com/css/images/sprite/ico-bag-small.png]
[www.lelabofragrances.com/css/images/sprite/ico-bottle.png]
[www.lelabofragrances.com/css/images/sprite/ico-close-large.png]
[www.lelabofragrances.com/css/images/sprite/ico-close-white.png]
[www.lelabofragrances.com/css/images/sprite/ico-close.png]
[www.lelabofragrances.com/css/images/sprite/ico-envelope.png]
[www.lelabofragrances.com/css/images/sprite/ico-eye.png]
[www.lelabofragrances.com/css/images/sprite/ico-instagram.png]
[www.lelabofragrances.com/css/images/sprite/ico-minus.png]
[www.lelabofragrances.com/css/images/sprite/ico-plus.png]
[www.lelabofragrances.com/css/images/sprite/ico-question.png]
[www.lelabofragrances.com/css/images/sprite/ico-search-dark.png]
[www.lelabofragrances.com/css/images/sprite/ico-search.png]
[www.lelabofragrances.com/css/images/ico-slider-prev.png]
[www.lelabofragrances.com/css/images/ico-slider-next.png]
[www.lelabofragrances.com/css/images/2018-B-Corp-Logo-Black-L.png]
[www.lelabofragrances.com/css/images/sprite/ico-account@2x.png]
[www.lelabofragrances.com/css/images/sprite/ico-arrow-down-white@2x.png]
[www.lelabofragrances.com/css/images/sprite/ico-arrow-down@2x.png]
[www.lelabofragrances.com/css/images/sprite/ico-arrow-left@2x.png]
[www.lelabofragrances.com/css/images/sprite/ico-arrow-right@2x.png]
[www.lelabofragrances.com/css/images/sprite/ico-bag@2x.png]
[www.lelabofragrances.com/css/images/sprite/ico-bag-small@2x.png]
[www.lelabofragrances.com/css/images/sprite/ico-bottle@2x.png]
[www.lelabofragrances.com/css/images/sprite/ico-close-large@2x.png]
[www.lelabofragrances.com/css/images/sprite/ico-close-white@2x.png]
[www.lelabofragrances.com/css/images/sprite/ico-close@2x.png]
[www.lelabofragrances.com/css/images/sprite/ico-envelope@2x.png]
[www.lelabofragrances.com/css/images/sprite/ico-eye@2x.png]
[www.lelabofragrances.com/css/images/sprite/ico-instagram@2x.png]
[www.lelabofragrances.com/css/images/sprite/ico-minus@2x.png]
[www.lelabofragrances.com/css/images/sprite/ico-plus@2x.png]
[www.lelabofragrances.com/css/images/sprite/ico-question@2x.png]
[www.lelabofragrances.com/css/images/sprite/ico-search-dark@2x.png]
[www.lelabofragrances.com/css/images/sprite/ico-search@2x.png]
[www.lelabofragrances.com/css/images/ico-slider-prev@2x.png]
[www.lelabofragrances.com/css/images/ico-slider-next@2x.png]
[www.lelabofragrances.com/css/images/btn-menu.png]
[www.lelabofragrances.com/css/images/asterisk.png]
[www.lelabofragrances.com/css/images/checkbox.png]
[www.lelabofragrances.com/css/images/check.png]
[www.lelabofragrances.com/css/images/logonew.png]
[www.lelabofragrances.com/css/images/logonewwhite.png]
[www.lelabofragrances.com/css/images/ico-slider-dot.png]
[www.lelabofragrances.com/css/images/ico-slider-dot-fill.png]
[www.lelabofragrances.com/css/images/shadow.png]
[www.lelabofragrances.com/css/images/shadow-alt.png]
[www.lelabofragrances.com/css/stylebe91.css]
[www.lelabofragrances.com/css/fonts/bellgothicstd-black-webfont.eot]
[www.lelabofragrances.com/css/fonts/bellgothicstd-black-webfontd41d.eot]
[www.lelabofragrances.com/css/fonts/bellgothicstd-black-webfont.woff]
[www.lelabofragrances.com/css/fonts/bellgothicstd-black-webfont.ttf]
[www.lelabofragrances.com/css/fonts/bellgotchicstdbold-webfont.eot]
[www.lelabofragrances.com/css/fonts/bellgotchicstdbold-webfontd41d.eot]
[www.lelabofragrances.com/css/fonts/bellgotchicstdbold-webfont.woff]
[www.lelabofragrances.com/css/fonts/bellgotchicstdbold-webfont.ttf]
[www.lelabofragrances.com/css/fonts/magda-light.eot]
[www.lelabofragrances.com/css/fonts/magda-lightd41d.eot]
[www.lelabofragrances.com/css/fonts/magda-light.woff]
[www.lelabofragrances.com/css/fonts/magda-light.ttf]
[www.lelabofragrances.com/css/fonts/helveticaneueltstd-ltcn-webfont.eot]
[www.lelabofragrances.com/css/fonts/helveticaneueltstd-ltcn-webfontd41d.eot]
[www.lelabofragrances.com/css/fonts/helveticaneueltstd-ltcn-webfont.woff]
[www.lelabofragrances.com/css/fonts/helveticaneueltstd-ltcn-webfont.ttf]
[www.lelabofragrances.com/css/fonts/MagdaPro_400_normal_1447935989.eot]
[www.lelabofragrances.com/css/fonts/MagdaPro_400_normal_1447935989d41d.eot]
[www.lelabofragrances.com/css/fonts/MagdaPro_400_normal_1447935989.woff]
[www.lelabofragrances.com/css/fonts/MagdaPro_400_normal_1447935989.ttf]
[www.lelabofragrances.com/css/images/ico-cross-small.png]
[www.lelabofragrances.com/css/images/ico-arrow-left-alt.png]
[www.lelabofragrances.com/css/images/ico-arrow-right-alt.png]
[www.lelabofragrances.com/css/images/asterisk-red.png]
[www.lelabofragrances.com/css/images/ico-check-alt.png]
[www.lelabofragrances.com/css/style-newbe91.css]
[www.lelabofragrances.com/css/fonts/Magda_400_normal_1491213485.eot]
[www.lelabofragrances.com/css/fonts/Magda_400_normal_1491213485d41d.eot]
[www.lelabofragrances.com/css/fonts/Magda_400_normal_1491213485.svg]
[www.lelabofragrances.com/css/fonts/Magda_400_normal_1491213485.woff]
[www.lelabofragrances.com/css/fonts/Magda_400_normal_1491213485.ttf]
[www.lelabofragrances.com/css/fonts/BellGothic_400_normal_1491219081.eot]
[www.lelabofragrances.com/css/fonts/BellGothic_400_normal_1491219081d41d.eot]
[www.lelabofragrances.com/css/fonts/BellGothic_400_normal_1491219081.svg]
[www.lelabofragrances.com/css/fonts/BellGothic_400_normal_1491219081.woff]
[www.lelabofragrances.com/css/fonts/BellGothic_400_normal_1491219081.ttf]
[www.lelabofragrances.com/css/redesign-stylebe91.css]
[www.lelabofragrances.com/css/apple-paybe91.css]
[www.lelabofragrances.com/css/images/pointer.png]
[www.lelabofragrances.com/css/images/checkbox-red.png]
[www.lelabofragrances.com/css/fonts/SangSangClover_Regular.ttf]
[www.lelabofragrances.com/css/images/triman.png]
[www.lelabofragrances.com/css/acdc-stylebe91.css]
[www.lelabofragrances.com/fr/home-creations.html]
[www.lelabofragrances.com/fr/body--hair--face.html]
[www.lelabofragrances.com/fr/ambroxyde-17-1157.html]
[www.lelabofragrances.com/fr/index.html]
[www.lelabofragrances.com/classic-collection.html]
[www.lelabofragrances.com/th-matcha-26.html]
[www.lelabofragrances.com/santal-33.html]
[www.lelabofragrances.com/another-13.html]
[www.lelabofragrances.com/th-noir-29.html]
[www.lelabofragrances.com/rose-31.html]
[www.lelabofragrances.com/bergamote-22.html]
[www.lelabofragrances.com/baie-19.html]
[www.lelabofragrances.com/lys-41.html]
[www.lelabofragrances.com/tonka-25.html]
[www.lelabofragrances.com/neroli-36.html]
[www.lelabofragrances.com/ylang-49.html]
[www.lelabofragrances.com/fleur-doranger-27.html]
[www.lelabofragrances.com/patchouli-24.html]
[www.lelabofragrances.com/labdanum-18.html]
[www.lelabofragrances.com/jasmin-17.html]
[www.lelabofragrances.com/vetiver-46.html]
[www.lelabofragrances.com/ambrette-9.html]
[www.lelabofragrances.com/iris.html]
[www.lelabofragrances.com/oud-27.html]
[www.lelabofragrances.com/eau-de-parfum.html]
[www.lelabofragrances.com/discovery.html]
[www.lelabofragrances.com/body-lotion.html]
[www.lelabofragrances.com/shower-gel.html]
[www.lelabofragrances.com/body-oil.html]
[www.lelabofragrances.com/liquid-balm.html]
[www.lelabofragrances.com/perfuming-shampoo.html]
[www.lelabofragrances.com/perfuming-conditioner.html]
[www.lelabofragrances.com/perfume-oil.html]
[www.lelabofragrances.com/travel-tubes.html]
[www.lelabofragrances.com/body-bar.html]
[www.lelabofragrances.com/travel-set.html]
[www.lelabofragrances.com/refill-program.html]
[www.lelabofragrances.com/home-creations.html]
[www.lelabofragrances.com/ambroxyde-17.html]
[www.lelabofragrances.com/santal-26.html]
[www.lelabofragrances.com/encens-9.html]
[www.lelabofragrances.com/palo-santo-14.html]
[www.lelabofragrances.com/calone-17.html]
[www.lelabofragrances.com/figue-15.html]
[www.lelabofragrances.com/laurier-62.html]
[www.lelabofragrances.com/petit-grain-21.html]
[www.lelabofragrances.com/cade-26.html]
[www.lelabofragrances.com/pin-12.html]
[www.lelabofragrances.com/verveine-32.html]
[www.lelabofragrances.com/cedre-11.html]
[www.lelabofragrances.com/anis-24.html]
[www.lelabofragrances.com/classic-candle.html]
[www.lelabofragrances.com/home-fragrance.html]
[www.lelabofragrances.com/concrete-candle.html]
[www.lelabofragrances.com/votives.html]
[www.lelabofragrances.com/discovery_1597257892795.html]
[www.lelabofragrances.com/body--hair--face.html]
[www.lelabofragrances.com/body.html]
[www.lelabofragrances.com/hand-soap.html]
[www.lelabofragrances.com/hand-lotion.html]
[www.lelabofragrances.com/hand-pomade.html]
[www.lelabofragrances.com/body-shower-gel.html]
[www.lelabofragrances.com/shower-oil.html]
[www.lelabofragrances.com/body-cream.html]
[www.lelabofragrances.com/body-scrub.html]
[www.lelabofragrances.com/hair.html]
[www.lelabofragrances.com/shampoo.html]
[www.lelabofragrances.com/conditioner.html]
[www.lelabofragrances.com/hair-mask.html]
[www.lelabofragrances.com/scrub-shampoo.html]
[www.lelabofragrances.com/face.html]
[www.lelabofragrances.com/face-lotion.html]
[www.lelabofragrances.com/facial-cleansing-oil.html]
[www.lelabofragrances.com/lip-balm.html]
[www.lelabofragrances.com/face-mask.html]
[www.lelabofragrances.com/face-scrub.html]
[www.lelabofragrances.com/hinoki.html]
[www.lelabofragrances.com/basil.html]
[www.lelabofragrances.com/mandarin.html]
[www.lelabofragrances.com/unscented.html]
[www.lelabofragrances.com/mens-grooming.html]
[www.lelabofragrances.com/oddities.html]
[www.lelabofragrances.com/discovery_1603849890183.html]
[www.lelabofragrances.com/fr/discovery_1603849890183.html]
[www.lelabofragrances.com/fine-fragrance.html]
[www.lelabofragrances.com/home-discovery.html]
[www.lelabofragrances.com/classic-collection_1597259564393.html]
[www.lelabofragrances.com/classic-candles.html]
[www.lelabofragrances.com/body-bar-set.html]
[www.lelabofragrances.com/about-us.html]
[www.lelabofragrances.com/our-creations.html]
[www.lelabofragrances.com/le-journal.html]
[www.lelabofragrances.com/fr/le-journal.html]
[www.lelabofragrances.com/perfuming-shampoo-conditioner.html]
[www.lelabofragrances.com/discovery_1597259337877.html]
[www.lelabofragrances.com/discovery-sets.html]
[www.lelabofragrances.com/city-exclusives-2023.html]
[www.lelabofragrances.com/scripts/productoptionsbe91.js]
[www.lelabofragrances.com/js/acdc-productbe91.js]
[www.lelabofragrances.com/js/acdc-product-personalizebe91.js]
[www.lelabofragrances.com/ambroxyde-17-1157.html]
[www.lelabofragrances.com/fr/santal-26-33.html]
[www.lelabofragrances.com/santal-26-33.html]
[www.lelabofragrances.com/santal-26-160.html]
[www.lelabofragrances.com/fr/th-noir-29-91.html]
[www.lelabofragrances.com/th-noir-29-262.html]
[www.lelabofragrances.com/th-noir-29-112.html]
[www.lelabofragrances.com/th-noir-29-91.html]
[www.lelabofragrances.com/th-noir-29-210.html]
[www.lelabofragrances.com/css/images/favicon05a0.ico]
[www.lelabofragrances.com/vendor/jquery-3.5.1.min05a0.js]
[www.lelabofragrances.com/vendor/jquery.touchSwipe.min05a0.js]
[www.lelabofragrances.com/vendor/jquery.maskedinput.min05a0.js]
[www.lelabofragrances.com/vendor/formstone/core05a0.js]
[www.lelabofragrances.com/vendor/formstone/touch05a0.js]
[www.lelabofragrances.com/scripts/URI.min05a0.js]
[www.lelabofragrances.com/vendor/formstone/dropdown05a0.js]
[www.lelabofragrances.com/vendor/owl-carousel/owl.carousel.min05a0.js]
[www.lelabofragrances.com/vendor/selectize/selectize05a0.js]
[www.lelabofragrances.com/vendor/jquery-ui/jquery-ui.min05a0.js]
[www.lelabofragrances.com/vendor/slick05a0.js]
[www.lelabofragrances.com/scripts/apple-pay-cart05a0.js]
[www.lelabofragrances.com/js/functions05a0.js]
[www.lelabofragrances.com/js/functions-new05a0.js]
[www.lelabofragrances.com/scripts/jquery-plugins/jquery-cookie-1.3.105a0.js]
[www.lelabofragrances.com/scripts/jquery-form05a0.js]
[www.lelabofragrances.com/scripts/ajax05a0.js]
[www.lelabofragrances.com/scripts/cart05a0.js]
[www.lelabofragrances.com/scripts/cookie_helper05a0.js]
[www.lelabofragrances.com/scripts/instagram-feed05a0.js]
[www.lelabofragrances.com/js/acdc-region05a0.js]
[www.lelabofragrances.com/scripts/URI-1.12.1-min05a0.js]
[www.lelabofragrances.com/scripts/productoptions05a0.js]
[www.lelabofragrances.com/js/acdc-product05a0.js]
[www.lelabofragrances.com/js/acdc-product-personalize05a0.js]
[www.lelabofragrances.com/js/acdc-cart05a0.js]
[www.lelabofragrances.com/js/acdc-cart-limit-qty05a0.js]
[www.lelabofragrances.com/js/acdc-subscription05a0.js]
[www.lelabofragrances.com/js/acdc-functions05a0.js]
[www.lelabofragrances.com/js/acdc-search05a0.js]
[www.lelabofragrances.com/fr/santal-33-147.html]
[www.lelabofragrances.com/fine-fragrances-index.html]
[www.lelabofragrances.com/santal-33-972.html]
[www.lelabofragrances.com/santal-33-974.html]
[www.lelabofragrances.com/santal-33-209.html]
[www.lelabofragrances.com/santal-33-90.html]
[www.lelabofragrances.com/santal-33-147.html]
[www.lelabofragrances.com/santal-33-261.html]
[www.lelabofragrances.com/fr/shampoo-437.html]
[www.lelabofragrances.com/bhf.html]
[www.lelabofragrances.com/conditioner-438.html]
[www.lelabofragrances.com/shampoo-1053.html]
[www.lelabofragrances.com/shampoo-437.html]
[www.lelabofragrances.com/shower-gel-hinoki-429.html]
[www.lelabofragrances.com/online-lab-refills.html]
[www.lelabofragrances.com/8]
[www.lelabofragrances.com/privacy-policy.html]
[www.lelabofragrances.com/terms-and-conditions.html]
[www.lelabofragrances.com/terms-and-conditions-sale.html]
[www.lelabofragrances.com/afterpay.html]
[www.lelabofragrances.com/ClearPay/CLEARPAY.html]
[www.lelabofragrances.com/shipping-and-handling.html]
[www.lelabofragrances.com/same-day-delivery.html]
[www.lelabofragrances.com/click-collect.html]
[www.lelabofragrances.com/phone-orders.html]
[www.lelabofragrances.com/_1581618320885.html]
[www.lelabofragrances.com/fr/search.html]
[www.lelabofragrances.com/fr/register-diffuser/index.html]
[www.lelabofragrances.com/css/fonts/bellgothicstd-black-webfont.svg]
[www.lelabofragrances.com/css/fonts/bellgotchicstdbold-webfont.svg]
[www.lelabofragrances.com/css/fonts/magda-light.svg]
[www.lelabofragrances.com/css/fonts/helveticaneueltstd-ltcn-webfont.svg]
[www.lelabofragrances.com/css/fonts/MagdaPro_400_normal_1447935989.svg]
[www.lelabofragrances.com/css/fonts/Magda_400_normal_1491213485.html]
[www.lelabofragrances.com/css/fonts/Magda_400_normal_1491213485d41d.html]
[www.lelabofragrances.com/css/fonts/Magda_400_normal_1491213485-2.html]
[www.lelabofragrances.com/css/fonts/Magda_400_normal_1491213485-3.html]
[www.lelabofragrances.com/css/fonts/Magda_400_normal_1491213485-4.html]
[www.lelabofragrances.com/css/fonts/BellGothic_400_normal_1491219081.html]
[www.lelabofragrances.com/css/fonts/BellGothic_400_normal_1491219081d41d.html]
[www.lelabofragrances.com/css/fonts/BellGothic_400_normal_1491219081-2.html]
[www.lelabofragrances.com/css/fonts/BellGothic_400_normal_1491219081-3.html]
[www.lelabofragrances.com/css/fonts/BellGothic_400_normal_1491219081-4.html]
[www.lelabofragrances.com/css/acdc-style-frbe91.css]
[www.lelabofragrances.com/fr/santal-33.html]
[www.lelabofragrances.com/fr/home-creations.html]
[www.lelabofragrances.com/fr/another-13.html]
[www.lelabofragrances.com/fr/body--hair--face.html]
[www.lelabofragrances.com/fr/discovery_1597259337877.html]
[www.lelabofragrances.com/fr/city-exclusives-2023.html]
[www.lelabofragrances.com/fr/ambroxyde-17-1157.html]
[www.lelabofragrances.com/fr/about-us.html]
[www.lelabofragrances.com/fr/classic-collection.html]
[www.lelabofragrances.com/fr/th-matcha-26.html]
[www.lelabofragrances.com/fr/th-noir-29.html]
[www.lelabofragrances.com/fr/rose-31.html]
[www.lelabofragrances.com/fr/bergamote-22.html]
[www.lelabofragrances.com/fr/baie-19.html]
[www.lelabofragrances.com/fr/lys-41.html]
[www.lelabofragrances.com/fr/tonka-25.html]
[www.lelabofragrances.com/fr/neroli-36.html]
[www.lelabofragrances.com/fr/ylang-49.html]
[www.lelabofragrances.com/fr/fleur-doranger-27.html]
[www.lelabofragrances.com/fr/patchouli-24.html]
[www.lelabofragrances.com/fr/labdanum-18.html]
[www.lelabofragrances.com/fr/jasmin-17.html]
[www.lelabofragrances.com/fr/vetiver-46.html]
[www.lelabofragrances.com/fr/ambrette-9.html]
[www.lelabofragrances.com/fr/iris.html]
[www.lelabofragrances.com/fr/oud-27.html]
[www.lelabofragrances.com/fr/eau-de-parfum.html]
[www.lelabofragrances.com/fr/discovery.html]
[www.lelabofragrances.com/fr/body-lotion.html]
[www.lelabofragrances.com/fr/shower-gel.html]
[www.lelabofragrances.com/fr/body-oil.html]
[www.lelabofragrances.com/fr/liquid-balm.html]
[www.lelabofragrances.com/fr/perfuming-shampoo.html]
[www.lelabofragrances.com/fr/perfuming-conditioner.html]
[www.lelabofragrances.com/fr/perfume-oil.html]
[www.lelabofragrances.com/fr/travel-tubes.html]
[www.lelabofragrances.com/fr/body-bar.html]
[www.lelabofragrances.com/fr/travel-set.html]
[www.lelabofragrances.com/fr/refill-program.html]
[www.lelabofragrances.com/another-13-977.html]
[www.lelabofragrances.com/lelabo-refills.html]
[www.lelabofragrances.com/fr/ambroxyde-17.html]
[www.lelabofragrances.com/fr/santal-26.html]
[www.lelabofragrances.com/fr/encens-9.html]
[www.lelabofragrances.com/fr/palo-santo-14.html]
[www.lelabofragrances.com/fr/calone-17.html]
[www.lelabofragrances.com/fr/figue-15.html]
[www.lelabofragrances.com/fr/laurier-62.html]
[www.lelabofragrances.com/fr/petit-grain-21.html]
[www.lelabofragrances.com/fr/cade-26.html]
[www.lelabofragrances.com/fr/pin-12.html]
[www.lelabofragrances.com/fr/verveine-32.html]
[www.lelabofragrances.com/fr/cedre-11.html]
[www.lelabofragrances.com/fr/anis-24.html]
[www.lelabofragrances.com/fr/classic-candle.html]
[www.lelabofragrances.com/fr/home-fragrance.html]
[www.lelabofragrances.com/fr/concrete-candle.html]
[www.lelabofragrances.com/fr/votives.html]
[www.lelabofragrances.com/fr/discovery_1597257892795.html]
[www.lelabofragrances.com/fr/body.html]
[www.lelabofragrances.com/fr/hand-soap.html]
[www.lelabofragrances.com/fr/hand-lotion.html]
[www.lelabofragrances.com/fr/hand-pomade.html]
[www.lelabofragrances.com/fr/body-shower-gel.html]
[www.lelabofragrances.com/fr/shower-oil.html]
[www.lelabofragrances.com/fr/body-cream.html]
[www.lelabofragrances.com/fr/body-scrub.html]
[www.lelabofragrances.com/fr/hair.html]
[www.lelabofragrances.com/fr/shampoo.html]
[www.lelabofragrances.com/fr/conditioner.html]
[www.lelabofragrances.com/fr/hair-mask.html]
[www.lelabofragrances.com/fr/scrub-shampoo.html]
[www.lelabofragrances.com/fr/face.html]
[www.lelabofragrances.com/fr/face-lotion.html]
[www.lelabofragrances.com/fr/facial-cleansing-oil.html]
[www.lelabofragrances.com/fr/lip-balm.html]
[www.lelabofragrances.com/fr/face-mask.html]
[www.lelabofragrances.com/fr/face-scrub.html]
[www.lelabofragrances.com/fr/hinoki.html]
[www.lelabofragrances.com/fr/basil.html]
[www.lelabofragrances.com/fr/mandarin.html]
[www.lelabofragrances.com/fr/unscented.html]
[www.lelabofragrances.com/fr/mens-grooming.html]
[www.lelabofragrances.com/fr/oddities.html]
[www.lelabofragrances.com/fr/discovery_1603849890183.html]
[www.lelabofragrances.com/fr/fine-fragrance.html]
[www.lelabofragrances.com/fr/home-discovery.html]
[www.lelabofragrances.com/fr/classic-collection_1597259564393.html]
[www.lelabofragrances.com/fr/classic-candles.html]
[www.lelabofragrances.com/fr/body-bar-set.html]
[www.lelabofragrances.com/sandalwood-harvest.html]
[www.lelabofragrances.com/rose-harvest.html]
[www.lelabofragrances.com/bergamot-harvest.html]
[www.lelabofragrances.com/ingredients.html]
[www.lelabofragrances.com/fr/our-creations.html]
[www.lelabofragrances.com/rose-31-1025.html]
[www.lelabofragrances.com/los-angeles-boutiques.html]
[www.lelabofragrances.com/fr/le-journal.html]
[www.lelabofragrances.com/fr/perfuming-shampoo-conditioner.html]
[www.lelabofragrances.com/fr/discovery-sets.html]
[www.lelabofragrances.com/css/pdp-sticky-headerbe91.css]
[www.lelabofragrances.com/fr/santal-26-33.html]
[www.lelabofragrances.com/santal-26-160.html]
[www.lelabofragrances.com/fr/th-noir-29-91.html]
[www.lelabofragrances.com/fr/santal-26-160.html]
[www.lelabofragrances.com/th-noir-29-262.html]
[www.lelabofragrances.com/fr/th-noir-29-262.html]
[www.lelabofragrances.com/fr/th-noir-29-112.html]
[www.lelabofragrances.com/th-noir-29-112.html]
[www.lelabofragrances.com/th-noir-29-148.html]
[www.lelabofragrances.com/th-noir-29-210.html]
[www.lelabofragrances.com/vendor/formstone/dropdown05a0.css]
[www.lelabofragrances.com/vendor/owl-carousel/assets/owl.carousel.min05a0.css]
[www.lelabofragrances.com/vendor/owl-carousel/assets/owl.theme.default.min05a0.css]
[www.lelabofragrances.com/vendor/owl-carousel/assets/owl.theme.green.min05a0.css]
[www.lelabofragrances.com/vendor/selectize/selectize05a0.css]
[www.lelabofragrances.com/vendor/animate05a0.css]
[www.lelabofragrances.com/vendor/jquery-ui/jquery-ui.min05a0.css]
[www.lelabofragrances.com/vendor/slick05a0.css]
[www.lelabofragrances.com/css/style05a0.css]
[www.lelabofragrances.com/css/style-new05a0.css]
[www.lelabofragrances.com/css/redesign-style05a0.css]
[www.lelabofragrances.com/css/apple-pay05a0.css]
[www.lelabofragrances.com/css/pdp-sticky-header05a0.css]
[www.lelabofragrances.com/css/acdc-style05a0.css]
[www.lelabofragrances.com/fr/santal-33-147.html]
[www.lelabofragrances.com/fr/th-noir-29-210.html]
[www.lelabofragrances.com/fine-fragrances-index.html]
[www.lelabofragrances.com/fr/fine-fragrances-index.html]
[www.lelabofragrances.com/santal-33-972.html]
[www.lelabofragrances.com/fr/santal-33-972.html]
[www.lelabofragrances.com/santal-33-974.html]
[www.lelabofragrances.com/fr/santal-33-974.html]
[www.lelabofragrances.com/santal-33-209.html]
[www.lelabofragrances.com/fr/santal-33-209.html]
[www.lelabofragrances.com/fr/santal-33-90.html]
[www.lelabofragrances.com/santal-33-90.html]
[www.lelabofragrances.com/santal-33-111.html]
[www.lelabofragrances.com/santal-33-261.html]
[www.lelabofragrances.com/fr/shampoo-437.html]
[www.lelabofragrances.com/fr/santal-33-261.html]
[www.lelabofragrances.com/bhf.html]
[www.lelabofragrances.com/fr/bhf.html]
[www.lelabofragrances.com/fr/conditioner-438.html]
[www.lelabofragrances.com/conditioner-794.html]
[www.lelabofragrances.com/conditioner-438.html]
[www.lelabofragrances.com/shampoo-793.html]
[www.lelabofragrances.com/shampoo-1053.html]
[www.lelabofragrances.com/fr/shampoo-1053.html]
[www.lelabofragrances.com/fr/shower-gel-hinoki-429.html]
[www.lelabofragrances.com/shower-gel-796.html]
[www.lelabofragrances.com/shower-gel-hinoki-429.html]
[www.lelabofragrances.com/fr/online-lab-refills.html]
[www.lelabofragrances.com/fr/privacy-policy.html]
[www.lelabofragrances.com/8.html]
[www.lelabofragrances.com/fr/terms-and-conditions.html]
[www.lelabofragrances.com/fr/terms-and-conditions-sale.html]
[www.lelabofragrances.com/shower-gel-1055.html]
[www.lelabofragrances.com/fr/afterpay.html]
[www.lelabofragrances.com/fr/ClearPay/CLEARPAY.html]
[www.lelabofragrances.com/fr/shipping-and-handling.html]
[www.lelabofragrances.com/fr/same-day-delivery.html]
[www.lelabofragrances.com/fr/click-collect.html]
[www.lelabofragrances.com/fr/phone-orders.html]
[www.lelabofragrances.com/fr/_1581618320885.html]
[www.lelabofragrances.com/fr/sandalwood-harvest.html]
[www.lelabofragrances.com/fr/rose-harvest.html]
[www.lelabofragrances.com/fr/bergamot-harvest.html]
[www.lelabofragrances.com/fr/ingredients.html]
[www.lelabofragrances.com/fr/lelabo-refills.html]
[www.lelabofragrances.com/another-13-977.html]
[www.lelabofragrances.com/fr/another-13-977.html]
[www.lelabofragrances.com/rose-31-1025.html]
[www.lelabofragrances.com/fr/los-angeles-boutiques.html]
[www.lelabofragrances.com/fr/santal-26-160.html]
[www.lelabofragrances.com/fr/th-noir-29-262.html]
[www.lelabofragrances.com/fr/th-noir-29-112.html]
[www.lelabofragrances.com/fr/rose-31-1025.html]
[www.lelabofragrances.com/fr/th-noir-29-148.html]
[www.lelabofragrances.com/th-noir-29-1036.html]
[www.lelabofragrances.com/th-noir-29-148.html]
[www.lelabofragrances.com/fr/th-noir-29-210.html]
[www.lelabofragrances.com/fr/fine-fragrances-index.html]
[www.lelabofragrances.com/th-noir-29-1037.html]
[www.lelabofragrances.com/fr/santal-33-972.html]
[www.lelabofragrances.com/fr/santal-33-974.html]
[www.lelabofragrances.com/fr/santal-33-209.html]
[www.lelabofragrances.com/fr/santal-33-90.html]
[www.lelabofragrances.com/santal-33-111.html]
[www.lelabofragrances.com/fr/santal-33-261.html]
[www.lelabofragrances.com/fr/bhf.html]
[www.lelabofragrances.com/fr/conditioner-438.html]
[www.lelabofragrances.com/fr/santal-33-111.html]
[www.lelabofragrances.com/fr/conditioner-794.html]
[www.lelabofragrances.com/conditioner-794.html]
[www.lelabofragrances.com/hair-mask-871.html]
[www.lelabofragrances.com/shampoo-793.html]
[www.lelabofragrances.com/fr/shampoo-1053.html]
[www.lelabofragrances.com/fr/shower-gel-hinoki-429.html]
[www.lelabofragrances.com/fr/shampoo-793.html]
[www.lelabofragrances.com/shower-gel-796.html]
[www.lelabofragrances.com/fr/shower-gel-796.html]
[www.lelabofragrances.com/fr/shower-gel-1055.html]
[www.lelabofragrances.com/body-cream-434.html]
[www.lelabofragrances.com/shower-gel-1055.html]
[www.lelabofragrances.com/body-cream-874.html]
[www.lelabofragrances.com/fr/another-13-977.html]
[www.lelabofragrances.com/fr/rose-31-1025.html]
[www.lelabofragrances.com/fr/th-noir-29-148.html]
[www.lelabofragrances.com/th-noir-29-1036.html]
[www.lelabofragrances.com/fr/th-noir-29-1036.html]
[www.lelabofragrances.com/th-noir-29-1037.html]
[www.lelabofragrances.com/fr/santal-33-111.html]
[www.lelabofragrances.com/fr/conditioner-794.html]
[www.lelabofragrances.com/fr/th-noir-29-1037.html]
[www.lelabofragrances.com/hair-mask-871.html]
[www.lelabofragrances.com/fr/shampoo-793.html]
[www.lelabofragrances.com/fr/shower-gel-796.html]
[www.lelabofragrances.com/fr/shower-gel-1055.html]
[www.lelabofragrances.com/fr/hair-mask-871.html]
[www.lelabofragrances.com/fr/body-cream-434.html]
[www.lelabofragrances.com/body-cream-434.html]
[www.lelabofragrances.com/body-scrub-432.html]
[www.lelabofragrances.com/body-cream-874.html]
[www.lelabofragrances.com/fr/body-cream-874.html]
[www.lelabofragrances.com/fr/th-noir-29-1036.html]
[www.lelabofragrances.com/fr/th-noir-29-1037.html]
[www.lelabofragrances.com/fr/hair-mask-871.html]
[www.lelabofragrances.com/fr/body-cream-434.html]
[www.lelabofragrances.com/fr/body-scrub-432.html]
[www.lelabofragrances.com/body-scrub-432.html]
[www.lelabofragrances.com/fr/body-cream-874.html]
[www.lelabofragrances.com/fr/body-scrub-432.html]
[www.lelabofragrances.com/shower-oil-431.html]
[www.lelabofragrances.com/fr/shower-oil-431.html]
[www.lelabofragrances.com/shower-gel-797.html]
[www.lelabofragrances.com/shower-oil-431.html]
[www.lelabofragrances.com/fr/shower-oil-431.html]
[www.lelabofragrances.com/shower-gel-mandarin-430.html]
[www.lelabofragrances.com/shower-gel-797.html]
[www.lelabofragrances.com/fr/shower-gel-797.html]
[www.lelabofragrances.com/shower-gel-mandarin-430.html]
[www.lelabofragrances.com/fr/shower-gel-797.html]
[www.lelabofragrances.com/fr/shower-gel-mandarin-430.html]
[www.lelabofragrances.com/fr/shower-gel-mandarin-430.html]
